pip install virtualenv - virtual box
pip freeze - checker ng package
virtualenv venv - Create 
venv - for local lang
pip freeze - 
API -
https://reqres.in/

https://www.django-rest-framework.org/api-guide/serializers/

python 3.6
-------------------------------

Microsoft Windows [Version 10.0.17134.523]
(c) 2018 Microsoft Corporation. All rights reserved.

C:\Users\Gladys Forte>cd ..

C:\Users>cd Gladys Forte\Desktop

C:\Users\Gladys Forte\Desktop>python try1.py
python: can't open file 'try1.py': [Errno 2] No such file or directory

C:\Users\Gladys Forte\Desktop>python re.py

C:\Users\Gladys Forte\Desktop>python re.py

C:\Users\Gladys Forte\Desktop>python re.py
Traceback (most recent call last):
  File "re.py", line 3, in <module>
    try1()
NameError: name 'try1' is not defined

C:\Users\Gladys Forte\Desktop>python re.py
Traceback (most recent call last):
  File "re.py", line 4, in <module>
    try1()
NameError: name 'try1' is not defined

C:\Users\Gladys Forte\Desktop>python re.py
Traceback (most recent call last):
  File "re.py", line 4, in <module>
    print (try1())
NameError: name 'try1' is not defined

C:\Users\Gladys Forte\Desktop>python re.py
Traceback (most recent call last):
  File "re.py", line 4, in <module>
    print(try1())
NameError: name 'try1' is not defined

C:\Users\Gladys Forte\Desktop>python re.py
Hello

C:\Users\Gladys Forte\Desktop>python manage.py
python: can't open file 'manage.py': [Errno 2] No such file or directory

C:\Users\Gladys Forte\Desktop>py manage.py migrate
C:\Users\Gladys Forte\AppData\Local\Programs\Python\Python36\python.exe: can't open file 'manage.py': [Errno 2] No such file or directory

C:\Users\Gladys Forte\Desktop>pip

Usage:
  pip <command> [options]

Commands:
  install                     Install packages.
  download                    Download packages.
  uninstall                   Uninstall packages.
  freeze                      Output installed packages in requirements format.
  list                        List installed packages.
  show                        Show information about installed packages.
  check                       Verify installed packages have compatible dependencies.
  config                      Manage local and global configuration.
  search                      Search PyPI for packages.
  wheel                       Build wheels from your requirements.
  hash                        Compute hashes of package archives.
  completion                  A helper command used for command completion.
  help                        Show help for commands.

General Options:
  -h, --help                  Show help.
  --isolated                  Run pip in an isolated mode, ignoring environment variables and user configuration.
  -v, --verbose               Give more output. Option is additive, and can be used up to 3 times.
  -V, --version               Show version and exit.
  -q, --quiet                 Give less output. Option is additive, and can be used up to 3 times (corresponding to
                              WARNING, ERROR, and CRITICAL logging levels).
  --log <path>                Path to a verbose appending log.
  --proxy <proxy>             Specify a proxy in the form [user:passwd@]proxy.server:port.
  --retries <retries>         Maximum number of retries each connection should attempt (default 5 times).
  --timeout <sec>             Set the socket timeout (default 15 seconds).
  --exists-action <action>    Default action when a path already exists: (s)witch, (i)gnore, (w)ipe, (b)ackup,
                              (a)bort).
  --trusted-host <hostname>   Mark this host as trusted, even though it does not have valid or any HTTPS.
  --cert <path>               Path to alternate CA bundle.
  --client-cert <path>        Path to SSL client certificate, a single file containing the private key and the
                              certificate in PEM format.
  --cache-dir <dir>           Store the cache data in <dir>.
  --no-cache-dir              Disable the cache.
  --disable-pip-version-check
                              Don't periodically check PyPI to determine whether a new version of pip is available for
                              download. Implied with --no-index.
  --no-color                  Suppress colored output

C:\Users\Gladys Forte\Desktop>pip install virtualenv
Collecting virtualenv
  Downloading https://files.pythonhosted.org/packages/33/5d/314c760d4204f64e4a968275182b7751bd5c3249094757b39ba987dcfb5a/virtualenv-16.4.3-py2.py3-none-any.whl (2.0MB)
    100% |¦¦¦¦¦¦¦¦¦¦¦¦¦¦¦¦¦¦¦¦¦¦¦¦¦¦¦¦¦¦¦¦| 2.0MB 1.7MB/s
Installing collected packages: virtualenv
Successfully installed virtualenv-16.4.3
You are using pip version 18.1, however version 19.0.3 is available.
You should consider upgrading via the 'python -m pip install --upgrade pip' command.

C:\Users\Gladys Forte\Desktop>pip freeze
virtualenv==16.4.3

C:\Users\Gladys Forte\Desktop>cd SampleProject

C:\Users\Gladys Forte\Desktop\SampleProject>dir
 Volume in drive C is Windows
 Volume Serial Number is CAE3-F3C7

 Directory of C:\Users\Gladys Forte\Desktop\SampleProject

01/03/2019  05:00 PM    <DIR>          .
01/03/2019  05:00 PM    <DIR>          ..
               0 File(s)              0 bytes
               2 Dir(s)  958,484,107,264 bytes free

C:\Users\Gladys Forte\Desktop\SampleProject>dir
 Volume in drive C is Windows
 Volume Serial Number is CAE3-F3C7

 Directory of C:\Users\Gladys Forte\Desktop\SampleProject

01/03/2019  05:00 PM    <DIR>          .
01/03/2019  05:00 PM    <DIR>          ..
               0 File(s)              0 bytes
               2 Dir(s)  958,484,148,224 bytes free

C:\Users\Gladys Forte\Desktop\SampleProject>virtualenv venv
Using base prefix 'c:\\users\\gladys forte\\appdata\\local\\programs\\python\\python36'
New python executable in C:\Users\GLADYS~1\Desktop\SAMPLE~1\venv\Scripts\python.exe
Installing setuptools, pip, wheel...
done.

C:\Users\Gladys Forte\Desktop\SampleProject>pip freeze
virtualenv==16.4.3

C:\Users\Gladys Forte\Desktop\SampleProject>. venv\Scripts\activate
'.' is not recognized as an internal or external command,
operable program or batch file.

C:\Users\Gladys Forte\Desktop\SampleProject>venv\Scripts\activate

(venv) C:\Users\Gladys Forte\Desktop\SampleProject>pip freeze

(venv) C:\Users\Gladys Forte\Desktop\SampleProject>django-admin startproject mysite
'django-admin' is not recognized as an internal or external command,
operable program or batch file.

(venv) C:\Users\Gladys Forte\Desktop\SampleProject>pip install django
Collecting django
  Downloading https://files.pythonhosted.org/packages/c7/87/fbd666c4f87591ae25b7bb374298e8629816e87193c4099d3608ef11fab9/Django-2.1.7-py3-none-any.whl (7.3MB)
    100% |¦¦¦¦¦¦¦¦¦¦¦¦¦¦¦¦¦¦¦¦¦¦¦¦¦¦¦¦¦¦¦¦| 7.3MB 2.6MB/s
Collecting pytz (from django)
  Downloading https://files.pythonhosted.org/packages/61/28/1d3920e4d1d50b19bc5d24398a7cd85cc7b9a75a490570d5a30c57622d34/pytz-2018.9-py2.py3-none-any.whl (510kB)
    100% |¦¦¦¦¦¦¦¦¦¦¦¦¦¦¦¦¦¦¦¦¦¦¦¦¦¦¦¦¦¦¦¦| 512kB 3.2MB/s
Installing collected packages: pytz, django
Successfully installed django-2.1.7 pytz-2018.9

(venv) C:\Users\Gladys Forte\Desktop\SampleProject>pip freeze
Django==2.1.7
pytz==2018.9

(venv) C:\Users\Gladys Forte\Desktop\SampleProject>django-admin startproject mysite

(venv) C:\Users\Gladys Forte\Desktop\SampleProject>cd mysite

(venv) C:\Users\Gladys Forte\Desktop\SampleProject\mysite>python manage.py migrate
Operations to perform:
  Apply all migrations: admin, auth, contenttypes, sessions
Running migrations:
  Applying contenttypes.0001_initial... OK
  Applying auth.0001_initial... OK
  Applying admin.0001_initial... OK
  Applying admin.0002_logentry_remove_auto_add... OK
  Applying admin.0003_logentry_add_action_flag_choices... OK
  Applying contenttypes.0002_remove_content_type_name... OK
  Applying auth.0002_alter_permission_name_max_length... OK
  Applying auth.0003_alter_user_email_max_length... OK
  Applying auth.0004_alter_user_username_opts... OK
  Applying auth.0005_alter_user_last_login_null... OK
  Applying auth.0006_require_contenttypes_0002... OK
  Applying auth.0007_alter_validators_add_error_messages... OK
  Applying auth.0008_alter_user_username_max_length... OK
  Applying auth.0009_alter_user_last_name_max_length... OK
  Applying sessions.0001_initial... OK

(venv) C:\Users\Gladys Forte\Desktop\SampleProject\mysite>python manage.py runserver
Performing system checks...

System check identified no issues (0 silenced).
March 01, 2019 - 17:38:20
Django version 2.1.7, using settings 'mysite.settings'
Starting development server at http://127.0.0.1:8000/
Quit the server with CTRL-BREAK.
[01/Mar/2019 17:39:20] "GET / HTTP/1.1" 200 16348
[01/Mar/2019 17:39:20] "GET /static/admin/css/fonts.css HTTP/1.1" 200 423
[01/Mar/2019 17:39:20] "GET /static/admin/fonts/Roboto-Regular-webfont.woff HTTP/1.1" 200 80304
[01/Mar/2019 17:39:20] "GET /static/admin/fonts/Roboto-Bold-webfont.woff HTTP/1.1" 200 82564
[01/Mar/2019 17:39:20] "GET /static/admin/fonts/Roboto-Light-webfont.woff HTTP/1.1" 200 81348
Not Found: /favicon.ico
[01/Mar/2019 17:39:20] "GET /favicon.ico HTTP/1.1" 404 1972

(venv) C:\Users\Gladys Forte\Desktop\SampleProject\mysite>python manage.py startapp polls
fmysq
(venv) C:\Users\Gladys Forte\Desktop\SampleProject\mysite>

(venv) C:\Users\Gladys Forte\Desktop\SampleProject\mysite>python manage.py makemigrations  #create structure
No changes detected

(venv) C:\Users\Gladys Forte\Desktop\SampleProject\mysite>python manage.py migrate #migrate to DB

python manage.py #built in function

##########################

DATABASES = {
'default': {
'ENGINE': 'django.db.backends.mysql',
'NAME': 'authservtest',
'USER': 'root',
'PASSWORD': '',
'HOST': 'localhost', # Or an IP Address that your DB is hosted on
}
}


##########################

